// Jest Snapshot v1, https://goo.gl/fbAQLP

exports[`CartItem Test shows item in Snapshot Testing 1`] = `
<tr
  className="jsx-1118603124 cart-item"
>
  <td
    className="jsx-1118603124"
  >
    <a
      className="jsx-1118603124"
      href="/product?id=12"
      onClick={[Function]}
    >
      <img
        className="jsx-1118603124"
        src="/static/blue-stripe-stoneware-plate.jpg"
      />
    </a>
  </td>
  <td
    className="jsx-1118603124"
  >
    <div
      className="jsx-1118603124"
    >
      Kiriko
    </div>
    <div
      className="jsx-1118603124"
    >
      Blue Stripe Stoneware Plate
    </div>
  </td>
  <td
    className="jsx-1118603124"
  >
    <input
      className="jsx-1118603124"
      min="1"
      onChange={[Function]}
      type="number"
      value={1}
    />
  </td>
  <td
    className="jsx-1118603124"
  >
    <span
      className="jsx-1118603124 price"
    >
      <span>
        $40.00
      </span>
    </span>
  </td>
  <td
    className="jsx-1118603124"
  >
    <a
      className="jsx-1118603124"
      onClick={[Function]}
    >
      X
    </a>
  </td>
</tr>
`;
